{
    "success": true,
    "items": [
        [
            [
                "var",
                1
            ]
        ]
    ],
    "handlers": []
}
