{
    "success": false,
    "code": "INVALID_OPERATION",
    "message": "The operation is invalid."
}
