{
    "success": false,
    "code": "INVALID_ITEM",
    "message": "The item is invalid."
}
