{
    "success": false,
    "code": "INVALID_ROUTE",
    "message": "The route \"skibidi.loo\" is invalid."
}
