{
    "success": false,
    "code": "INVALID_PLUCK",
    "message": "The pluck is invalid."
}
