{
    "success": false,
    "code": "INVALID_VARIABLE",
    "message": "The variable \"varx\" is invalid."
}
