{
    "success": false,
    "code": "INVALID_VARIABLE",
    "message": "The variable is not a string."
}
