{
    "success": true,
    "items": [
        [
            [
                "var",
                1
            ]
        ],
        [
            [
                "var2",
                1
            ]
        ],
        [
            [
                "var",
                "var2",
                1,
                ">="
            ],
            "skibidi.toilet"
        ]
    ],
    "handlers": [
        [
            "skibidi.toilet",
            {
                "input": {
                    "kind": "schema",
                    "type": "string",
                    "expects": "string",
                    "async": false,
                    "~standard": 1,
                    "~vendor": "valibot"
                },
                "output": {
                    "kind": "schema",
                    "type": "string",
                    "expects": "string",
                    "async": false,
                    "~standard": 1,
                    "~vendor": "valibot"
                }
            }
        ]
    ]
}
