=== STATUS 200 - HEADERS ===

content-type: application/msgpack
x-is-arpc: true

=== MSGPACK BODY ===

[
    {
        "oneDeep": {
            "string": "hello",
            "array": [
                "world"
            ],
            "number": 2
        }
    },
    69
]
