=== STATUS 400 - HEADERS ===

content-type: application/msgpack
x-is-arpc: true

=== MSGPACK BODY ===

{
    "builtIn": true,
    "name": "BadRequest",
    "code": "INVALID_PLUCK",
    "message": "Cannot pluck the constructor attribute",
    "body": null
}
