=== STATUS 400 - HEADERS ===

content-type: application/msgpack
x-is-arpc: true

=== MSGPACK BODY ===

{
    "builtIn": true,
    "name": "BadRequest",
    "code": "INVALID_ARRAY",
    "message": "The array of atomic operations is empty or not an array.",
    "body": null
}
