=== STATUS 204 - HEADERS ===

x-is-arpc: true

=== NO CONTENT ===
