=== STATUS 400 - HEADERS ===

content-type: application/msgpack
x-is-arpc: true

=== MSGPACK BODY ===

{
    "builtIn": true,
    "name": "Unauthorized",
    "code": "BAD_TOKEN_TYPE",
    "message": "Invalid token type",
    "body": null
}
