=== STATUS 400 - HEADERS ===

content-type: application/msgpack
x-is-arpc: true

=== MSGPACK BODY ===

{
    "builtIn": true,
    "name": "BadRequest",
    "code": "INVALID_URL",
    "message": "The URL specified is invalid",
    "body": null
}
