=== STATUS 400 - HEADERS ===

content-type: application/msgpack
x-is-arpc: true

=== MSGPACK BODY ===

{
    "builtIn": true,
    "name": "BadRequest",
    "code": "ROUTE_NOT_FOUND",
    "message": "Route not found",
    "body": null
}
