=== STATUS 400 - HEADERS ===

content-type: application/msgpack
x-is-arpc: true

=== MSGPACK BODY ===

{
    "builtIn": true,
    "name": "BadRequest",
    "code": "MISSING_ARG",
    "message": "Missing arg parameter",
    "body": null
}
