=== STATUS 400 - HEADERS ===

content-type: application/msgpack
x-is-arpc: true

=== MSGPACK BODY ===

{
    "builtIn": false,
    "name": "CustomError",
    "body": "This is a test error body"
}
