=== STATUS 400 - HEADERS ===

content-type: application/msgpack
x-is-arpc: true

=== MSGPACK BODY ===

{
    "builtIn": true,
    "name": "Unauthorized",
    "code": "UNAUTHENTICATED",
    "message": "Route requires authentication",
    "body": null
}
