=== STATUS 400 - HEADERS ===

content-type: application/msgpack
x-is-arpc: true

=== MSGPACK BODY ===

[
    {
        "builtIn": true,
        "name": "BadRequest",
        "code": "INVALID_VARIABLE",
        "message": "Variable result is not a valid attribute",
        "body": null
    }
]
