=== STATUS 200 - HEADERS ===

content-type: application/msgpack
x-is-arpc: true

=== MSGPACK BODY ===

[
    "hello"
]
